%!Adobe-FontList 1.24
%Locale:0x409

%BeginFont
Handler:DirectoryHandler
FontType:Invalid
OutlineFileName:/Users/dinkaisch/Documents/CC Chopper Couture/CC_Kreation/CC_Webdesign/CC_Webiste neu /chopper-couture/indesign/Builder_Chopper_couture Ordner/Document fonts/AdobeFnt24.lst
FileLength:708
FileModTime:803752375
%EndFont

%BeginFont
Handler:DirectoryHandler
FontType:Type1
FontName:MinionPro-Regular
FamilyName:Minion Pro
StyleName:Regular
MenuName:Minion Pro
StyleBits:0
WeightClass:400
WidthClass:5
AngleClass:0
FullName:Minion Pro
WritingScript:Roman
OutlineFileName:/Users/dinkaisch/Documents/CC Chopper Couture/CC_Kreation/CC_Webdesign/CC_Webiste neu /chopper-couture/indesign/Builder_Chopper_couture Ordner/Document fonts/MinionPro-Regular.otf
DataFormat:sfntData
UsesStandardEncoding:yes
isCFF:yes
hasSVG:no
hasSBIX:no
hasCOLR:no
VariableFontType:NonVariableFont
FileLength:218640
FileModTime:724787600
DesignSize:110
NameArray:0,Mac,4,Minion Pro
NameArray:0,Win,1,Minion Pro
%EndFont

